// Vitest Snapshot v1, https://vitest.dev/guide/snapshot.html

exports[`vite > should generate bundle 1`] = `
"const e = [
  {
    type: 0,
    value: "Hello, "
  },
  {
    type: 1,
    value: "name"
  },
  {
    type: 0,
    value: "!"
  }
], t = {
  greeting: e
};
function a() {
  return t;
}
export {
  a as default
};
"
`;
